  Determining projects to restore...
  All projects are up-to-date for restore.
C:\Program Files\dotnet\sdk\10.0.203\Microsoft.Common.CurrentVersion.targets(5395,5): warning MSB3026: Could not copy "C:\Users\DELL\Desktop\file_bai_tap\Nam3_Ky2\Project_CK\FabricIO\FabricIO-api\obj\Debug\net10.0\apphost.exe" to "bin\Debug\net10.0\FabricIO-api.exe". Beginning retry 1 in 1000ms. The process cannot access the file 'C:\Users\DELL\Desktop\file_bai_tap\Nam3_Ky2\Project_CK\FabricIO\FabricIO-api\bin\Debug\net10.0\FabricIO-api.exe' because it is being used by another process. The file is locked by: "FabricIO-api (18928)" [C:\Users\DELL\Desktop\file_bai_tap\Nam3_Ky2\Project_CK\FabricIO\FabricIO-api\FabricIO-api.csproj]
C:\Program Files\dotnet\sdk\10.0.203\Microsoft.Common.CurrentVersion.targets(5395,5): warning MSB3026: Could not copy "C:\Users\DELL\Desktop\file_bai_tap\Nam3_Ky2\Project_CK\FabricIO\FabricIO-api\obj\Debug\net10.0\apphost.exe" to "bin\Debug\net10.0\FabricIO-api.exe". Beginning retry 2 in 1000ms. The process cannot access the file 'C:\Users\DELL\Desktop\file_bai_tap\Nam3_Ky2\Project_CK\FabricIO\FabricIO-api\bin\Debug\net10.0\FabricIO-api.exe' because it is being used by another process. The file is locked by: "FabricIO-api (18928)" [C:\Users\DELL\Desktop\file_bai_tap\Nam3_Ky2\Project_CK\FabricIO\FabricIO-api\FabricIO-api.csproj]
C:\Program Files\dotnet\sdk\10.0.203\Microsoft.Common.CurrentVersion.targets(5395,5): warning MSB3026: Could not copy "C:\Users\DELL\Desktop\file_bai_tap\Nam3_Ky2\Project_CK\FabricIO\FabricIO-api\obj\Debug\net10.0\apphost.exe" to "bin\Debug\net10.0\FabricIO-api.exe". Beginning retry 3 in 1000ms. The process cannot access the file 'C:\Users\DELL\Desktop\file_bai_tap\Nam3_Ky2\Project_CK\FabricIO\FabricIO-api\bin\Debug\net10.0\FabricIO-api.exe' because it is being used by another process. The file is locked by: "FabricIO-api (18928)" [C:\Users\DELL\Desktop\file_bai_tap\Nam3_Ky2\Project_CK\FabricIO\FabricIO-api\FabricIO-api.csproj]
C:\Program Files\dotnet\sdk\10.0.203\Microsoft.Common.CurrentVersion.targets(5395,5): warning MSB3026: Could not copy "C:\Users\DELL\Desktop\file_bai_tap\Nam3_Ky2\Project_CK\FabricIO\FabricIO-api\obj\Debug\net10.0\apphost.exe" to "bin\Debug\net10.0\FabricIO-api.exe". Beginning retry 4 in 1000ms. The process cannot access the file 'C:\Users\DELL\Desktop\file_bai_tap\Nam3_Ky2\Project_CK\FabricIO\FabricIO-api\bin\Debug\net10.0\FabricIO-api.exe' because it is being used by another process. The file is locked by: "FabricIO-api (18928)" [C:\Users\DELL\Desktop\file_bai_tap\Nam3_Ky2\Project_CK\FabricIO\FabricIO-api\FabricIO-api.csproj]
C:\Program Files\dotnet\sdk\10.0.203\Microsoft.Common.CurrentVersion.targets(5395,5): warning MSB3026: Could not copy "C:\Users\DELL\Desktop\file_bai_tap\Nam3_Ky2\Project_CK\FabricIO\FabricIO-api\obj\Debug\net10.0\apphost.exe" to "bin\Debug\net10.0\FabricIO-api.exe". Beginning retry 5 in 1000ms. The process cannot access the file 'C:\Users\DELL\Desktop\file_bai_tap\Nam3_Ky2\Project_CK\FabricIO\FabricIO-api\bin\Debug\net10.0\FabricIO-api.exe' because it is being used by another process. The file is locked by: "FabricIO-api (18928)" [C:\Users\DELL\Desktop\file_bai_tap\Nam3_Ky2\Project_CK\FabricIO\FabricIO-api\FabricIO-api.csproj]
C:\Program Files\dotnet\sdk\10.0.203\Microsoft.Common.CurrentVersion.targets(5395,5): warning MSB3026: Could not copy "C:\Users\DELL\Desktop\file_bai_tap\Nam3_Ky2\Project_CK\FabricIO\FabricIO-api\obj\Debug\net10.0\apphost.exe" to "bin\Debug\net10.0\FabricIO-api.exe". Beginning retry 6 in 1000ms. The process cannot access the file 'C:\Users\DELL\Desktop\file_bai_tap\Nam3_Ky2\Project_CK\FabricIO\FabricIO-api\bin\Debug\net10.0\FabricIO-api.exe' because it is being used by another process. The file is locked by: "FabricIO-api (18928)" [C:\Users\DELL\Desktop\file_bai_tap\Nam3_Ky2\Project_CK\FabricIO\FabricIO-api\FabricIO-api.csproj]
C:\Program Files\dotnet\sdk\10.0.203\Microsoft.Common.CurrentVersion.targets(5395,5): warning MSB3026: Could not copy "C:\Users\DELL\Desktop\file_bai_tap\Nam3_Ky2\Project_CK\FabricIO\FabricIO-api\obj\Debug\net10.0\apphost.exe" to "bin\Debug\net10.0\FabricIO-api.exe". Beginning retry 7 in 1000ms. The process cannot access the file 'C:\Users\DELL\Desktop\file_bai_tap\Nam3_Ky2\Project_CK\FabricIO\FabricIO-api\bin\Debug\net10.0\FabricIO-api.exe' because it is being used by another process. The file is locked by: "FabricIO-api (18928)" [C:\Users\DELL\Desktop\file_bai_tap\Nam3_Ky2\Project_CK\FabricIO\FabricIO-api\FabricIO-api.csproj]
C:\Program Files\dotnet\sdk\10.0.203\Microsoft.Common.CurrentVersion.targets(5395,5): warning MSB3026: Could not copy "C:\Users\DELL\Desktop\file_bai_tap\Nam3_Ky2\Project_CK\FabricIO\FabricIO-api\obj\Debug\net10.0\apphost.exe" to "bin\Debug\net10.0\FabricIO-api.exe". Beginning retry 8 in 1000ms. The process cannot access the file 'C:\Users\DELL\Desktop\file_bai_tap\Nam3_Ky2\Project_CK\FabricIO\FabricIO-api\bin\Debug\net10.0\FabricIO-api.exe' because it is being used by another process. The file is locked by: "FabricIO-api (18928)" [C:\Users\DELL\Desktop\file_bai_tap\Nam3_Ky2\Project_CK\FabricIO\FabricIO-api\FabricIO-api.csproj]
C:\Program Files\dotnet\sdk\10.0.203\Microsoft.Common.CurrentVersion.targets(5395,5): warning MSB3026: Could not copy "C:\Users\DELL\Desktop\file_bai_tap\Nam3_Ky2\Project_CK\FabricIO\FabricIO-api\obj\Debug\net10.0\apphost.exe" to "bin\Debug\net10.0\FabricIO-api.exe". Beginning retry 9 in 1000ms. The process cannot access the file 'C:\Users\DELL\Desktop\file_bai_tap\Nam3_Ky2\Project_CK\FabricIO\FabricIO-api\bin\Debug\net10.0\FabricIO-api.exe' because it is being used by another process. The file is locked by: "FabricIO-api (18928)" [C:\Users\DELL\Desktop\file_bai_tap\Nam3_Ky2\Project_CK\FabricIO\FabricIO-api\FabricIO-api.csproj]
C:\Program Files\dotnet\sdk\10.0.203\Microsoft.Common.CurrentVersion.targets(5395,5): warning MSB3026: Could not copy "C:\Users\DELL\Desktop\file_bai_tap\Nam3_Ky2\Project_CK\FabricIO\FabricIO-api\obj\Debug\net10.0\apphost.exe" to "bin\Debug\net10.0\FabricIO-api.exe". Beginning retry 10 in 1000ms. The process cannot access the file 'C:\Users\DELL\Desktop\file_bai_tap\Nam3_Ky2\Project_CK\FabricIO\FabricIO-api\bin\Debug\net10.0\FabricIO-api.exe' because it is being used by another process. The file is locked by: "FabricIO-api (18928)" [C:\Users\DELL\Desktop\file_bai_tap\Nam3_Ky2\Project_CK\FabricIO\FabricIO-api\FabricIO-api.csproj]
C:\Program Files\dotnet\sdk\10.0.203\Microsoft.Common.CurrentVersion.targets(5395,5): error MSB3027: Could not copy "C:\Users\DELL\Desktop\file_bai_tap\Nam3_Ky2\Project_CK\FabricIO\FabricIO-api\obj\Debug\net10.0\apphost.exe" to "bin\Debug\net10.0\FabricIO-api.exe". Exceeded retry count of 10. Failed. The file is locked by: "FabricIO-api (18928)" [C:\Users\DELL\Desktop\file_bai_tap\Nam3_Ky2\Project_CK\FabricIO\FabricIO-api\FabricIO-api.csproj]
C:\Program Files\dotnet\sdk\10.0.203\Microsoft.Common.CurrentVersion.targets(5395,5): error MSB3021: Unable to copy file "C:\Users\DELL\Desktop\file_bai_tap\Nam3_Ky2\Project_CK\FabricIO\FabricIO-api\obj\Debug\net10.0\apphost.exe" to "bin\Debug\net10.0\FabricIO-api.exe". The process cannot access the file 'C:\Users\DELL\Desktop\file_bai_tap\Nam3_Ky2\Project_CK\FabricIO\FabricIO-api\bin\Debug\net10.0\FabricIO-api.exe' because it is being used by another process. [C:\Users\DELL\Desktop\file_bai_tap\Nam3_Ky2\Project_CK\FabricIO\FabricIO-api\FabricIO-api.csproj]

Build FAILED.

C:\Program Files\dotnet\sdk\10.0.203\Microsoft.Common.CurrentVersion.targets(5395,5): warning MSB3026: Could not copy "C:\Users\DELL\Desktop\file_bai_tap\Nam3_Ky2\Project_CK\FabricIO\FabricIO-api\obj\Debug\net10.0\apphost.exe" to "bin\Debug\net10.0\FabricIO-api.exe". Beginning retry 1 in 1000ms. The process cannot access the file 'C:\Users\DELL\Desktop\file_bai_tap\Nam3_Ky2\Project_CK\FabricIO\FabricIO-api\bin\Debug\net10.0\FabricIO-api.exe' because it is being used by another process. The file is locked by: "FabricIO-api (18928)" [C:\Users\DELL\Desktop\file_bai_tap\Nam3_Ky2\Project_CK\FabricIO\FabricIO-api\FabricIO-api.csproj]
C:\Program Files\dotnet\sdk\10.0.203\Microsoft.Common.CurrentVersion.targets(5395,5): warning MSB3026: Could not copy "C:\Users\DELL\Desktop\file_bai_tap\Nam3_Ky2\Project_CK\FabricIO\FabricIO-api\obj\Debug\net10.0\apphost.exe" to "bin\Debug\net10.0\FabricIO-api.exe". Beginning retry 2 in 1000ms. The process cannot access the file 'C:\Users\DELL\Desktop\file_bai_tap\Nam3_Ky2\Project_CK\FabricIO\FabricIO-api\bin\Debug\net10.0\FabricIO-api.exe' because it is being used by another process. The file is locked by: "FabricIO-api (18928)" [C:\Users\DELL\Desktop\file_bai_tap\Nam3_Ky2\Project_CK\FabricIO\FabricIO-api\FabricIO-api.csproj]
C:\Program Files\dotnet\sdk\10.0.203\Microsoft.Common.CurrentVersion.targets(5395,5): warning MSB3026: Could not copy "C:\Users\DELL\Desktop\file_bai_tap\Nam3_Ky2\Project_CK\FabricIO\FabricIO-api\obj\Debug\net10.0\apphost.exe" to "bin\Debug\net10.0\FabricIO-api.exe". Beginning retry 3 in 1000ms. The process cannot access the file 'C:\Users\DELL\Desktop\file_bai_tap\Nam3_Ky2\Project_CK\FabricIO\FabricIO-api\bin\Debug\net10.0\FabricIO-api.exe' because it is being used by another process. The file is locked by: "FabricIO-api (18928)" [C:\Users\DELL\Desktop\file_bai_tap\Nam3_Ky2\Project_CK\FabricIO\FabricIO-api\FabricIO-api.csproj]
C:\Program Files\dotnet\sdk\10.0.203\Microsoft.Common.CurrentVersion.targets(5395,5): warning MSB3026: Could not copy "C:\Users\DELL\Desktop\file_bai_tap\Nam3_Ky2\Project_CK\FabricIO\FabricIO-api\obj\Debug\net10.0\apphost.exe" to "bin\Debug\net10.0\FabricIO-api.exe". Beginning retry 4 in 1000ms. The process cannot access the file 'C:\Users\DELL\Desktop\file_bai_tap\Nam3_Ky2\Project_CK\FabricIO\FabricIO-api\bin\Debug\net10.0\FabricIO-api.exe' because it is being used by another process. The file is locked by: "FabricIO-api (18928)" [C:\Users\DELL\Desktop\file_bai_tap\Nam3_Ky2\Project_CK\FabricIO\FabricIO-api\FabricIO-api.csproj]
C:\Program Files\dotnet\sdk\10.0.203\Microsoft.Common.CurrentVersion.targets(5395,5): warning MSB3026: Could not copy "C:\Users\DELL\Desktop\file_bai_tap\Nam3_Ky2\Project_CK\FabricIO\FabricIO-api\obj\Debug\net10.0\apphost.exe" to "bin\Debug\net10.0\FabricIO-api.exe". Beginning retry 5 in 1000ms. The process cannot access the file 'C:\Users\DELL\Desktop\file_bai_tap\Nam3_Ky2\Project_CK\FabricIO\FabricIO-api\bin\Debug\net10.0\FabricIO-api.exe' because it is being used by another process. The file is locked by: "FabricIO-api (18928)" [C:\Users\DELL\Desktop\file_bai_tap\Nam3_Ky2\Project_CK\FabricIO\FabricIO-api\FabricIO-api.csproj]
C:\Program Files\dotnet\sdk\10.0.203\Microsoft.Common.CurrentVersion.targets(5395,5): warning MSB3026: Could not copy "C:\Users\DELL\Desktop\file_bai_tap\Nam3_Ky2\Project_CK\FabricIO\FabricIO-api\obj\Debug\net10.0\apphost.exe" to "bin\Debug\net10.0\FabricIO-api.exe". Beginning retry 6 in 1000ms. The process cannot access the file 'C:\Users\DELL\Desktop\file_bai_tap\Nam3_Ky2\Project_CK\FabricIO\FabricIO-api\bin\Debug\net10.0\FabricIO-api.exe' because it is being used by another process. The file is locked by: "FabricIO-api (18928)" [C:\Users\DELL\Desktop\file_bai_tap\Nam3_Ky2\Project_CK\FabricIO\FabricIO-api\FabricIO-api.csproj]
C:\Program Files\dotnet\sdk\10.0.203\Microsoft.Common.CurrentVersion.targets(5395,5): warning MSB3026: Could not copy "C:\Users\DELL\Desktop\file_bai_tap\Nam3_Ky2\Project_CK\FabricIO\FabricIO-api\obj\Debug\net10.0\apphost.exe" to "bin\Debug\net10.0\FabricIO-api.exe". Beginning retry 7 in 1000ms. The process cannot access the file 'C:\Users\DELL\Desktop\file_bai_tap\Nam3_Ky2\Project_CK\FabricIO\FabricIO-api\bin\Debug\net10.0\FabricIO-api.exe' because it is being used by another process. The file is locked by: "FabricIO-api (18928)" [C:\Users\DELL\Desktop\file_bai_tap\Nam3_Ky2\Project_CK\FabricIO\FabricIO-api\FabricIO-api.csproj]
C:\Program Files\dotnet\sdk\10.0.203\Microsoft.Common.CurrentVersion.targets(5395,5): warning MSB3026: Could not copy "C:\Users\DELL\Desktop\file_bai_tap\Nam3_Ky2\Project_CK\FabricIO\FabricIO-api\obj\Debug\net10.0\apphost.exe" to "bin\Debug\net10.0\FabricIO-api.exe". Beginning retry 8 in 1000ms. The process cannot access the file 'C:\Users\DELL\Desktop\file_bai_tap\Nam3_Ky2\Project_CK\FabricIO\FabricIO-api\bin\Debug\net10.0\FabricIO-api.exe' because it is being used by another process. The file is locked by: "FabricIO-api (18928)" [C:\Users\DELL\Desktop\file_bai_tap\Nam3_Ky2\Project_CK\FabricIO\FabricIO-api\FabricIO-api.csproj]
C:\Program Files\dotnet\sdk\10.0.203\Microsoft.Common.CurrentVersion.targets(5395,5): warning MSB3026: Could not copy "C:\Users\DELL\Desktop\file_bai_tap\Nam3_Ky2\Project_CK\FabricIO\FabricIO-api\obj\Debug\net10.0\apphost.exe" to "bin\Debug\net10.0\FabricIO-api.exe". Beginning retry 9 in 1000ms. The process cannot access the file 'C:\Users\DELL\Desktop\file_bai_tap\Nam3_Ky2\Project_CK\FabricIO\FabricIO-api\bin\Debug\net10.0\FabricIO-api.exe' because it is being used by another process. The file is locked by: "FabricIO-api (18928)" [C:\Users\DELL\Desktop\file_bai_tap\Nam3_Ky2\Project_CK\FabricIO\FabricIO-api\FabricIO-api.csproj]
C:\Program Files\dotnet\sdk\10.0.203\Microsoft.Common.CurrentVersion.targets(5395,5): warning MSB3026: Could not copy "C:\Users\DELL\Desktop\file_bai_tap\Nam3_Ky2\Project_CK\FabricIO\FabricIO-api\obj\Debug\net10.0\apphost.exe" to "bin\Debug\net10.0\FabricIO-api.exe". Beginning retry 10 in 1000ms. The process cannot access the file 'C:\Users\DELL\Desktop\file_bai_tap\Nam3_Ky2\Project_CK\FabricIO\FabricIO-api\bin\Debug\net10.0\FabricIO-api.exe' because it is being used by another process. The file is locked by: "FabricIO-api (18928)" [C:\Users\DELL\Desktop\file_bai_tap\Nam3_Ky2\Project_CK\FabricIO\FabricIO-api\FabricIO-api.csproj]
C:\Program Files\dotnet\sdk\10.0.203\Microsoft.Common.CurrentVersion.targets(5395,5): error MSB3027: Could not copy "C:\Users\DELL\Desktop\file_bai_tap\Nam3_Ky2\Project_CK\FabricIO\FabricIO-api\obj\Debug\net10.0\apphost.exe" to "bin\Debug\net10.0\FabricIO-api.exe". Exceeded retry count of 10. Failed. The file is locked by: "FabricIO-api (18928)" [C:\Users\DELL\Desktop\file_bai_tap\Nam3_Ky2\Project_CK\FabricIO\FabricIO-api\FabricIO-api.csproj]
C:\Program Files\dotnet\sdk\10.0.203\Microsoft.Common.CurrentVersion.targets(5395,5): error MSB3021: Unable to copy file "C:\Users\DELL\Desktop\file_bai_tap\Nam3_Ky2\Project_CK\FabricIO\FabricIO-api\obj\Debug\net10.0\apphost.exe" to "bin\Debug\net10.0\FabricIO-api.exe". The process cannot access the file 'C:\Users\DELL\Desktop\file_bai_tap\Nam3_Ky2\Project_CK\FabricIO\FabricIO-api\bin\Debug\net10.0\FabricIO-api.exe' because it is being used by another process. [C:\Users\DELL\Desktop\file_bai_tap\Nam3_Ky2\Project_CK\FabricIO\FabricIO-api\FabricIO-api.csproj]
    10 Warning(s)
    2 Error(s)

Time Elapsed 00:00:13.52
